// Jest Snapshot v1, https://goo.gl/fbAQLP

exports[`renders a snapshot of Examples 1`] = `
<div>
  <div
    class="menu-wrapper"
    id="model-wrapper"
  >
    <ul
      className="menu examples"
      id="examples-menu"
    >
      <li
        className="examplesitem item"
      >
        <div
          className={
            Array [
              "github-card",
            ]
          }
          data-github="Azure/MachineLearningSamples-PredictiveMaintenance"
          data-theme="medium"
        />
      </li>
      <li
        className="examplesitem item"
      >
        <div
          className={
            Array [
              "github-card",
            ]
          }
          data-github="Azure/MachineLearningSamples-SentimentAnalysis"
          data-theme="medium"
        />
      </li>
      <li
        className="examplesitem item"
      >
        <div
          className={
            Array [
              "github-card",
            ]
          }
          data-github="Azure/MachineLearningSamples-ChurnPrediction"
          data-theme="medium"
        />
      </li>
      <li
        className="examplesitem item"
      >
        <div
          className={
            Array [
              "github-card",
            ]
          }
          data-github="Azure/MachineLearningSamples-BiomedicalEntityExtraction"
          data-theme="medium"
        />
      </li>
      <li
        className="examplesitem item"
      >
        <div
          className={
            Array [
              "github-card",
            ]
          }
          data-github="Azure/MachineLearningSamples-QnAMatching"
          data-theme="medium"
        />
      </li>
      <li
        className="examplesitem item"
      >
        <div
          className={
            Array [
              "github-card",
            ]
          }
          data-github="Azure/MachineLearningSamples-AerialImageClassification"
          data-theme="medium"
        />
      </li>
    </ul>
    <div
      class="paddles"
    >
      <button
        class="left-paddle paddle hidden"
        id="example-left"
      >
        &lt;
      </button>
      <button
        class="right-paddle paddle"
        id="example-right"
      >
        &gt;
      </button>
    </div>
  </div>
</div>
`;
