// Jest Snapshot v1, https://goo.gl/fbAQLP

exports[`renders a snapshot of browse 1`] = `
<div>
  <div
    class="content-container"
  >
    <div>
      <input
        class="button browsebtn noselect"
        id="OnnxSearch"
        type="button"
        value="Onnx"
      />
    </div>
    <div>
      <input
        class="button  browsebtn noselect"
        id="TensorflowSearch"
        type="button"
        value="Tensorflow"
      />
    </div>
  </div>
  <div
    id="browse_content"
  >
    <div
      class="browse_result"
      style={
        Object {
          "display": "inline-block",
          "verticalAlign": "top",
          "width": "100%",
        }
      }
    >
      <div
        class="github-widget"
        data-browseTopic="onnx"
        data-type="browse"
        id="browse_widget1"
      />
    </div>
  </div>
</div>
`;
