// Jest Snapshot v1, https://goo.gl/fbAQLP

exports[`renders a snapshot of browse 1`] = `
<div>
  <div
    class="content-container"
  >
    <div>
      <input
        class="button browsebtn noselect"
        id="OnnxSearch"
        onClick={[Function]}
        type="button"
        value="Onnx"
      />
    </div>
    <div>
      <input
        class="button  browsebtn noselect"
        id="TensorflowSearch"
        onClick={[Function]}
        type="button"
        value="Tensorflow"
      />
    </div>
  </div>
  <div
    id="browse_content"
  >
    <div
      class="browse_result"
      style={
        Object {
          "display": "inline-block",
          "verticalAlign": "top",
          "width": "100%",
        }
      }
    >
      <div
        className="gh-list"
      >
        <h3>
          Current Topic: '
          Onnx
          '
        </h3>
        <ul
          classname="gh-frame-container"
        />
      </div>
    </div>
  </div>
</div>
`;
