// Jest Snapshot v1, https://goo.gl/fbAQLP

exports[`renders a snapshot of Models 1`] = `
<div>
  <div
    class="menu-wrapper"
    id="model-wrapper"
  >
    <div>
      <ul
        className="menu models"
        id="models-menu"
      >
        <li
          className="modelsitem item"
        >
          <div>
            <div
              className="github-card repo-card"
            >
              <div
                className={
                  Array [
                    "header",
                  ]
                }
              >
                <a
                  className="avatar"
                  href="https://github.com/Azure-Samples"
                  target="_top"
                >
                  <img
                    alt="Azure-Samples"
                    src="https://avatars2.githubusercontent.com/u/1844662?v=4"
                  />
                </a>
                <h1>
                  <a
                    className="wordwrap"
                    href="https://www.github.com//Azure-Samples/AI-Gallery-InceptionV3"
                    target="_top"
                  >
                    AI-Gallery-InceptionV3
                  </a>
                </h1>
              </div>
              <div
                className="content"
              >
                <p>
                  Example demonstrating using an Inception model in Azure Machine Learning.
                </p>
              </div>
              <ul
                className="status"
              >
                <li>
                  <a
                    href="https://www.github.com//Azure-Samples/AI-Gallery-InceptionV3/network"
                    target="_top"
                  >
                    <strong>
                      1
                    </strong>
                    Forks
                  </a>
                </li>
                <li>
                  <a
                    href="https://www.github.com//Azure-Samples/AI-Gallery-InceptionV3/stargazers"
                    target="_top"
                  >
                    <strong>
                      0
                    </strong>
                    Stars
                  </a>
                </li>
              </ul>
            </div>
          </div>
        </li>
        <li
          className="modelsitem item"
        >
          <div>
            <div
              className="github-card repo-card"
            >
              <div
                className={
                  Array [
                    "header",
                  ]
                }
              >
                <a
                  className="avatar"
                  href="https://github.com/Azure-Samples"
                  target="_top"
                >
                  <img
                    alt="Azure-Samples"
                    src="https://avatars2.githubusercontent.com/u/1844662?v=4"
                  />
                </a>
                <h1>
                  <a
                    className="wordwrap"
                    href="https://www.github.com//Azure-Samples/AI-Gallery-TinyYolo"
                    target="_top"
                  >
                    AI-Gallery-TinyYolo
                  </a>
                </h1>
              </div>
              <div
                className="content"
              >
                <p>
                  This repository contains code which demonstrates how to deploy and use the TinyYolo model in Azure Machine Learning.
                </p>
              </div>
              <ul
                className="status"
              >
                <li>
                  <a
                    href="https://www.github.com//Azure-Samples/AI-Gallery-TinyYolo/network"
                    target="_top"
                  >
                    <strong>
                      0
                    </strong>
                    Forks
                  </a>
                </li>
                <li>
                  <a
                    href="https://www.github.com//Azure-Samples/AI-Gallery-TinyYolo/stargazers"
                    target="_top"
                  >
                    <strong>
                      1
                    </strong>
                    Stars
                  </a>
                </li>
              </ul>
            </div>
          </div>
        </li>
        <li
          className="modelsitem item"
        >
          <div>
            <div
              className="github-card repo-card"
            >
              <div
                className={
                  Array [
                    "header",
                  ]
                }
              >
                <a
                  className="avatar"
                  href="https://github.com/onnx"
                  target="_top"
                >
                  <img
                    alt="onnx"
                    src="https://avatars3.githubusercontent.com/u/31675368?v=4"
                  />
                </a>
                <h1>
                  <a
                    className="wordwrap"
                    href="https://www.github.com//onnx/models"
                    target="_top"
                  >
                    models
                  </a>
                </h1>
              </div>
              <div
                className="content"
              >
                <p>
                  The ONNX Model Zoo is a collection of pre-trained, state-of-the-art models in the ONNX format 
                </p>
              </div>
              <ul
                className="status"
              >
                <li>
                  <a
                    href="https://www.github.com//onnx/models/network"
                    target="_top"
                  >
                    <strong>
                      93
                    </strong>
                    Forks
                  </a>
                </li>
                <li>
                  <a
                    href="https://www.github.com//onnx/models/stargazers"
                    target="_top"
                  >
                    <strong>
                      494
                    </strong>
                    Stars
                  </a>
                </li>
              </ul>
            </div>
          </div>
        </li>
      </ul>
      <div
        class="paddles"
      >
        <button
          class="left-paddle paddle hidden"
          id="models-left"
          onClick={[Function]}
        >
          &lt;
        </button>
        <button
          class="right-paddle paddle"
          id="models-right"
          onClick={[Function]}
        >
          &gt;
        </button>
      </div>
    </div>
  </div>
</div>
`;
