// Jest Snapshot v1, https://goo.gl/fbAQLP

exports[`renders a snapshot of Search 1`] = `
<div>
  <div
    class="content-container"
  >
    <input
      className="button btnSearch searchbtn noselect"
      id="btnSearch"
      onClick={[Function]}
      type="button"
      value="Search"
    />
    <div
      class="searchbar-container"
    >
      <input
        class="searchbar"
        id="keyword"
        name="keyword"
        onChange={[Function]}
        type="text"
        value=""
        width="100%"
      />
    </div>
  </div>
  <div
    className="gh-list"
  >
    <h3>
      Current Topic: '
      
      '
    </h3>
    <ul
      classname="gh-frame-container"
    />
  </div>
</div>
`;
