// Jest Snapshot v1, https://goo.gl/fbAQLP

exports[`renders a snapshot of Search 1`] = `
<div>
  <div
    class="content-container"
  >
    <input
      class="button btnSearch  searchbtn noselect"
      id="btnSearch"
      type="button"
      value="Search"
    />
    <div
      class="searchbar-container"
    >
      <input
        class="searchbar"
        id="keyword"
        name="keyword"
        type="text"
        width="100%"
      />
    </div>
  </div>
  <div
    class="github-widget"
    data-type="search"
  />
</div>
`;
